testdata/error/js/lint.js:1:4 parse ━━━━━━━━━━━━━━━━━━━━━━━━━━━━━━━━━━━━━━━━━━━━━━━━━━━━━━━━━━━━━━━━

  × expected `,` but instead found `a`

  ```
  > 1 │ [a a, ++b, ] = test;
      │    ^
    2 │
  ```

  i Remove a

testdata/error/js/lint.js:1:7 parse ━━━━━━━━━━━━━━━━━━━━━━━━━━━━━━━━━━━━━━━━━━━━━━━━━━━━━━━━━━━━━━━━

  × Invalid assignment to `++b`

  ```
  > 1 │ [a a, ++b, ] = test;
      │       ^^^
    2 │
  ```

  i This expression cannot be assigned to

testdata/error/js/lint.js:1:4 parse ━━━━━━━━━━━━━━━━━━━━━━━━━━━━━━━━━━━━━━━━━━━━━━━━━━━━━━━━━━━━━━━━

  × expected `,` but instead found `a`

  ```
  > 1 │ [a a, ++b, ] = test;
      │    ^
    2 │
  ```

  i Remove a

testdata/error/js/lint.js:1:7 parse ━━━━━━━━━━━━━━━━━━━━━━━━━━━━━━━━━━━━━━━━━━━━━━━━━━━━━━━━━━━━━━━━

  × Invalid assignment to `++b`

  ```
  > 1 │ [a a, ++b, ] = test;
      │       ^^^
    2 │
  ```

  i This expression cannot be assigned to

testdata/error/js/lint.js format ━━━━━━━━━━━━━━━━━━━━━━━━━━━━━━━━━━━━━━━━━━━━━━━━━━━━━━━━━━━━━━━━━━━

  × Code formatting aborted due to parsing errors. To format code with errors, enable the 'formatter.formatWithErrors' option.

check ━━━━━━━━━━━━━━━━━━━━━━━━━━━━━━━━━━━━━━━━━━━━━━━━━━━━━━━━━━━━━━━━━━━━━━━━━━━━━━━━━━━━━━━━━━━━━━

  × Some errors were emitted while applying fixes.
